
[Router: /api/v1/auth] PATCH /api/v1/auth/resend-otp 200 47 - 482.601 ms
[Router: /api/v1/user] GET /api/v1/user/profile 200 615 - 271.793 ms
[Router: /api/v1/auth] PATCH /api/v1/auth/resend-otp 200 47 - 461.535 ms
::1 - - [08/Sep/2026:22:41:58 +0000] "POST /api/v1/auth/signup HTTP/1.1" 400 1991 "-" "PostmanRuntime/7.56.1"
::1 - - [08/Sep/2026:22:44:39 +0000] "POST /api/v1/auth/signup HTTP/1.1" 500 1624 "-" "PostmanRuntime/7.56.1"
::1 - - [08/Sep/2026:22:46:17 +0000] "POST /api/v1/auth/signup HTTP/1.1" 200 830 "-" "PostmanRuntime/7.56.1"
::1 - - [08/Sep/2026:22:48:13 +0000] "POST /api/v1/auth/signup HTTP/1.1" 400 1892 "-" "PostmanRuntime/7.56.1"
::1 - - [08/Sep/2026:22:49:38 +0000] "POST /api/v1/auth/signup HTTP/1.1" 400 1892 "-" "PostmanRuntime/7.56.1"
::1 - - [08/Sep/2026:22:51:47 +0000] "POST /api/v1/auth/signup HTTP/1.1" 200 830 "-" "PostmanRuntime/7.56.1"
::1 - - [08/Sep/2026:22:55:15 +0000] "POST /api/v1/auth/login HTTP/1.1" 200 557 "-" "PostmanRuntime/7.56.1"
::1 - - [08/Sep/2026:22:56:08 +0000] "PATCH /api/v1/user/upload-profile-image-cloud?authorization=USER%20eyJhbGciOiJIUzI1NiIsInR5cCI6IkpXVCJ9.eyJpZCI6IjZhODc4NWQyZTJkYjdlNzdhZTU2MzY5NyIsImlhdCI6MTc4ODkwODExNSwiZXhwIjoxNzg4OTk0NTE1LCJqdGkiOiJmZjBmNDAwMC0zNmZkLTQxZDMtOTdmMy0yM2Q4NzIyODEwNWMifQ.LrjnUPzfhBeyMryYz7lzuT83CXn4HjUwneJ3ModPaRM HTTP/1.1" 500 1073 "-" "PostmanRuntime/7.56.1"
::1 - - [08/Sep/2026:22:56:46 +0000] "PATCH /api/v1/user/upload-profile-image-cloud?authorization=USER%20eyJhbGciOiJIUzI1NiIsInR5cCI6IkpXVCJ9.eyJpZCI6IjZhODc4NWQyZTJkYjdlNzdhZTU2MzY5NyIsImlhdCI6MTc4ODkwODExNSwiZXhwIjoxNzg4OTk0NTE1LCJqdGkiOiJmZjBmNDAwMC0zNmZkLTQxZDMtOTdmMy0yM2Q4NzIyODEwNWMifQ.LrjnUPzfhBeyMryYz7lzuT83CXn4HjUwneJ3ModPaRM HTTP/1.1" 500 1085 "-" "PostmanRuntime/7.56.1"
::1 - - [08/Sep/2026:22:57:41 +0000] "PATCH /api/v1/user/upload-profile-image-cloud HTTP/1.1" 500 1085 "-" "PostmanRuntime/7.56.1"
::1 - - [08/Sep/2026:22:58:26 +0000] "PATCH /api/v1/user/upload-profile-image-cloud HTTP/1.1" 500 1085 "-" "PostmanRuntime/7.56.1"
::1 - - [08/Sep/2026:22:59:25 +0000] "POST /api/v1/auth/login HTTP/1.1" 200 557 "-" "PostmanRuntime/7.56.1"
::1 - - [08/Sep/2026:22:59:48 +0000] "PATCH /api/v1/user/upload-profile-image-cloud HTTP/1.1" 500 1085 "-" "PostmanRuntime/7.56.1"
::1 - - [08/Sep/2026:22:59:59 +0000] "PATCH /api/v1/user/upload-profile-image-cloud HTTP/1.1" 200 847 "-" "PostmanRuntime/7.56.1"
::1 - - [08/Sep/2026:23:05:12 +0000] "PATCH /api/v1/user/upload-profile-image-cloud HTTP/1.1" 200 872 "-" "PostmanRuntime/7.56.1"
::1 - - [08/Sep/2026:23:07:23 +0000] "PATCH /api/v1/user/upload-profile-image-cloud HTTP/1.1" 200 905 "-" "PostmanRuntime/7.56.1"
::1 - - [08/Sep/2026:23:16:09 +0000] "PATCH /api/v1/user/upload-profile-image-cloud HTTP/1.1" 200 960 "-" "PostmanRuntime/7.56.1"
::1 - - [08/Sep/2026:23:17:03 +0000] "PATCH /api/v1/user/upload-profile-image-cloud HTTP/1.1" 200 960 "-" "PostmanRuntime/7.56.1"
::1 - - [08/Sep/2026:23:19:06 +0000] "PATCH /api/v1/user/upload-profile-image-cloud HTTP/1.1" 200 961 "-" "PostmanRuntime/7.56.1"
::1 - - [08/Sep/2026:23:21:54 +0000] "PATCH /api/v1/user/upload-profile-image-cloud HTTP/1.1" 200 906 "-" "PostmanRuntime/7.56.1"
::1 - - [08/Sep/2026:23:23:23 +0000] "PATCH /api/v1/user/upload-profile-image-cloud HTTP/1.1" 200 861 "-" "PostmanRuntime/7.56.1"
::1 - - [09/Sep/2026:00:03:19 +0000] "POST /api/v1/auth/signup HTTP/1.1" 200 711 "-" "PostmanRuntime/7.56.1"
::1 - - [09/Sep/2026:00:05:12 +0000] "POST /api/v1/auth/signup HTTP/1.1" 200 711 "-" "PostmanRuntime/7.56.1"
::1 - - [09/Sep/2026:00:16:57 +0000] "POST /api/v1/auth/signup HTTP/1.1" 200 896 "-" "PostmanRuntime/7.56.1"
::1 - - [09/Sep/2026:00:18:41 +0000] "POST /api/v1/auth/signup HTTP/1.1" 200 896 "-" "PostmanRuntime/7.56.1"
::1 - - [09/Sep/2026:00:32:08 +0000] "POST /api/v1/auth/login HTTP/1.1" 200 557 "-" "PostmanRuntime/7.56.1"
::1 - - [09/Sep/2026:00:32:43 +0000] "PATCH /api/v1/user/upload-profile-image-cloud HTTP/1.1" 200 1040 "-" "PostmanRuntime/7.56.1"
::1 - - [09/Sep/2026:00:36:03 +0000] "PATCH /api/v1/user/upload-profile-image-cloud HTTP/1.1" 200 1040 "-" "PostmanRuntime/7.56.1"
::1 - - [09/Sep/2026:00:41:30 +0000] "PATCH /api/v1/user/upload-profile-image-cloud HTTP/1.1" 500 745 "-" "PostmanRuntime/7.56.1"
::1 - - [09/Sep/2026:00:42:34 +0000] "PATCH /api/v1/user/upload-profile-image-cloud HTTP/1.1" 500 786 "-" "PostmanRuntime/7.56.1"
::1 - - [09/Sep/2026:00:43:30 +0000] "PATCH /api/v1/user/upload-profile-image-cloud HTTP/1.1" 200 960 "-" "PostmanRuntime/7.56.1"
::1 - - [09/Sep/2026:00:49:02 +0000] "PATCH /api/v1/user/upload-profile-image-cloud HTTP/1.1" 200 960 "-" "PostmanRuntime/7.56.1"
::1 - - [09/Sep/2026:00:51:47 +0000] "PATCH /api/v1/user/upload-profile-image-cloud HTTP/1.1" 500 1642 "-" "PostmanRuntime/7.56.1"
::1 - - [09/Sep/2026:00:52:00 +0000] "PATCH /api/v1/user/upload-profile-image-cloud HTTP/1.1" 200 960 "-" "PostmanRuntime/7.56.1"
::1 - - [09/Sep/2026:00:56:43 +0000] "POST /api/v1/auth/signup HTTP/1.1" 200 963 "-" "PostmanRuntime/7.56.1"
::1 - - [09/Sep/2026:01:07:16 +0000] "POST /api/v1/auth/signup HTTP/1.1" 200 896 "-" "PostmanRuntime/7.56.1"
::1 - - [09/Sep/2026:01:10:21 +0000] "PATCH /api/v1/user/upload-profile-image-cloud HTTP/1.1" 200 960 "-" "PostmanRuntime/7.56.1"
::1 - - [09/Sep/2026:01:14:31 +0000] "POST /api/v1/auth/signup HTTP/1.1" 400 1913 "-" "PostmanRuntime/7.56.1"
::1 - - [09/Sep/2026:01:14:35 +0000] "POST /api/v1/auth/signup HTTP/1.1" 400 1915 "-" "PostmanRuntime/7.56.1"
::1 - - [09/Sep/2026:01:15:03 +0000] "POST /api/v1/auth/signup HTTP/1.1" 200 857 "-" "PostmanRuntime/7.56.1"
::1 - - [09/Sep/2026:01:15:15 +0000] "POST /api/v1/auth/signup HTTP/1.1" 200 840 "-" "PostmanRuntime/7.56.1"
::1 - - [09/Sep/2026:01:15:20 +0000] "POST /api/v1/auth/signup HTTP/1.1" 409 690 "-" "PostmanRuntime/7.56.1"
::1 - - [09/Sep/2026:01:15:25 +0000] "POST /api/v1/auth/signup HTTP/1.1" 200 841 "-" "PostmanRuntime/7.56.1"
::1 - - [09/Sep/2026:01:15:32 +0000] "POST /api/v1/auth/signup HTTP/1.1" 409 690 "-" "PostmanRuntime/7.56.1"
::1 - - [09/Sep/2026:01:15:39 +0000] "POST /api/v1/auth/signup HTTP/1.1" 200 857 "-" "PostmanRuntime/7.56.1"
::1 - - [09/Sep/2026:01:18:37 +0000] "POST /api/v1/auth/login HTTP/1.1" 409 702 "-" "PostmanRuntime/7.56.1"
::1 - - [09/Sep/2026:01:19:10 +0000] "POST /api/v1/auth/login HTTP/1.1" 409 702 "-" "PostmanRuntime/7.56.1"
::1 - - [09/Sep/2026:01:20:33 +0000] "POST /api/v1/auth/login HTTP/1.1" 200 557 "-" "PostmanRuntime/7.56.1"
::1 - - [09/Sep/2026:01:21:11 +0000] "PATCH /api/v1/user/upload-profile-image-cloud HTTP/1.1" 200 960 "-" "PostmanRuntime/7.56.1"
::1 - - [09/Sep/2026:01:21:56 +0000] "PATCH /api/v1/user/upload-profile-image-cloud HTTP/1.1" 500 775 "-" "PostmanRuntime/7.56.1"
::1 - - [09/Sep/2026:01:22:05 +0000] "PATCH /api/v1/user/upload-profile-image-cloud HTTP/1.1" 200 829 "-" "PostmanRuntime/7.56.1"
::1 - - [09/Sep/2026:01:26:51 +0000] "PATCH /api/v1/user/upload-profile-image-cloud HTTP/1.1" 500 775 "-" "PostmanRuntime/7.56.1"
::1 - - [09/Sep/2026:01:26:58 +0000] "PATCH /api/v1/user/upload-profile-image-cloud HTTP/1.1" 500 775 "-" "PostmanRuntime/7.56.1"
::1 - - [09/Sep/2026:01:27:11 +0000] "PATCH /api/v1/user/upload-profile-image-cloud HTTP/1.1" 200 829 "-" "PostmanRuntime/7.56.1"
::1 - - [09/Sep/2026:01:43:24 +0000] "POST /api/v1/auth/login HTTP/1.1" 200 557 "-" "PostmanRuntime/7.56.1"
::1 - - [09/Sep/2026:01:44:12 +0000] "PATCH /api/v1/user/upload-profile-image-cloud HTTP/1.1" 200 954 "-" "PostmanRuntime/7.56.1"
::1 - - [09/Sep/2026:01:44:48 +0000] "PATCH /api/v1/user/upload-profile-image-cloud HTTP/1.1" 200 954 "-" "PostmanRuntime/7.56.1"
::1 - - [09/Sep/2026:01:45:35 +0000] "PATCH /api/v1/user/upload-profile-image-cloud HTTP/1.1" 200 954 "-" "PostmanRuntime/7.56.1"
::1 - - [09/Sep/2026:01:46:16 +0000] "PATCH /api/v1/user/upload-profile-image-cloud HTTP/1.1" 200 960 "-" "PostmanRuntime/7.56.1"
::1 - - [09/Sep/2026:01:46:40 +0000] "PATCH /api/v1/user/upload-profile-image-cloud HTTP/1.1" 200 960 "-" "PostmanRuntime/7.56.1"
::1 - - [09/Sep/2026:01:48:45 +0000] "PATCH /api/v1/user/upload-profile-image-cloud HTTP/1.1" 200 954 "-" "PostmanRuntime/7.56.1"
::1 - - [09/Sep/2026:01:48:57 +0000] "PATCH /api/v1/user/upload-profile-image-cloud HTTP/1.1" 200 954 "-" "PostmanRuntime/7.56.1"
::1 - - [09/Sep/2026:01:50:28 +0000] "PATCH /api/v1/user/upload-profile-image-cloud HTTP/1.1" 200 954 "-" "PostmanRuntime/7.56.1"
::1 - - [09/Sep/2026:01:50:31 +0000] "PATCH /api/v1/user/upload-profile-image-cloud HTTP/1.1" 200 954 "-" "PostmanRuntime/7.56.1"
::1 - - [09/Sep/2026:01:52:28 +0000] "PATCH /api/v1/user/upload-profile-image-cloud HTTP/1.1" 200 954 "-" "PostmanRuntime/7.56.1"
::1 - - [09/Sep/2026:01:52:32 +0000] "PATCH /api/v1/user/upload-profile-image-cloud HTTP/1.1" 200 954 "-" "PostmanRuntime/7.56.1"
::1 - - [09/Sep/2026:01:53:51 +0000] "PATCH /api/v1/user/upload-profile-image-cloud HTTP/1.1" 200 954 "-" "PostmanRuntime/7.56.1"
::1 - - [09/Sep/2026:01:53:55 +0000] "PATCH /api/v1/user/upload-profile-image-cloud HTTP/1.1" 200 954 "-" "PostmanRuntime/7.56.1"
::1 - - [09/Sep/2026:01:54:03 +0000] "PATCH /api/v1/user/upload-profile-image-cloud HTTP/1.1" 200 954 "-" "PostmanRuntime/7.56.1"
::1 - - [09/Sep/2026:01:54:17 +0000] "PATCH /api/v1/user/upload-profile-image-cloud HTTP/1.1" 200 954 "-" "PostmanRuntime/7.56.1"
::1 - - [09/Sep/2026:02:04:01 +0000] "POST /api/v1/auth/signup HTTP/1.1" 200 825 "-" "PostmanRuntime/7.56.1"
::1 - - [09/Sep/2026:02:04:19 +0000] "POST /api/v1/auth/login HTTP/1.1" 409 702 "-" "PostmanRuntime/7.56.1"
::1 - - [09/Sep/2026:02:04:46 +0000] "POST /api/v1/auth/login HTTP/1.1" 409 702 "-" "PostmanRuntime/7.56.1"
::1 - - [09/Sep/2026:02:06:01 +0000] "POST /api/v1/auth/login HTTP/1.1" 200 557 "-" "PostmanRuntime/7.56.1"
::1 - - [09/Sep/2026:02:06:59 +0000] "PATCH /api/v1/user/upload-profile-image-cloud HTTP/1.1" 200 696 "-" "PostmanRuntime/7.56.1"
::1 - - [09/Sep/2026:02:15:02 +0000] "PATCH /api/v1/user/upload-profile-image-cloud HTTP/1.1" 200 696 "-" "PostmanRuntime/7.56.1"
::1 - - [09/Sep/2026:02:16:09 +0000] "POST /api/v1/auth/login HTTP/1.1" 200 557 "-" "PostmanRuntime/7.56.1"
::1 - - [09/Sep/2026:02:16:29 +0000] "PATCH /api/v1/user/upload-profile-image-cloud HTTP/1.1" 200 696 "-" "PostmanRuntime/7.56.1"
::1 - - [09/Sep/2026:02:17:01 +0000] "PATCH /api/v1/user/upload-profile-image-cloud HTTP/1.1" 200 696 "-" "PostmanRuntime/7.56.1"
::1 - - [09/Sep/2026:02:17:21 +0000] "PATCH /api/v1/user/upload-profile-image-cloud HTTP/1.1" 200 696 "-" "PostmanRuntime/7.56.1"
::1 - - [09/Sep/2026:02:26:33 +0000] "PATCH /api/v1/user/upload-profile-image-cloud HTTP/1.1" 500 772 "-" "PostmanRuntime/7.56.1"
::1 - - [09/Sep/2026:02:30:45 +0000] "PATCH /api/v1/user/upload-profile-image-cloud HTTP/1.1" 500 772 "-" "PostmanRuntime/7.56.1"
::1 - - [09/Sep/2026:02:32:22 +0000] "PATCH /api/v1/user/upload-profile-image-cloud HTTP/1.1" 500 772 "-" "PostmanRuntime/7.56.1"
::1 - - [09/Sep/2026:02:32:45 +0000] "PATCH /api/v1/user/upload-profile-image-cloud HTTP/1.1" 500 772 "-" "PostmanRuntime/7.56.1"
::1 - - [09/Sep/2026:02:38:17 +0000] "PATCH /api/v1/user/upload-profile-image-cloud HTTP/1.1" 200 772 "-" "PostmanRuntime/7.56.1"
::1 - - [09/Sep/2026:02:40:31 +0000] "PATCH /api/v1/user/upload-profile-image-cloud HTTP/1.1" 200 772 "-" "PostmanRuntime/7.56.1"
::1 - - [09/Sep/2026:02:42:32 +0000] "PATCH /api/v1/user/upload-profile-image-cloud HTTP/1.1" 200 772 "-" "PostmanRuntime/7.56.1"
::1 - - [09/Sep/2026:02:43:09 +0000] "PATCH /api/v1/user/upload-profile-image-cloud HTTP/1.1" 200 772 "-" "PostmanRuntime/7.56.1"
::1 - - [09/Sep/2026:02:43:34 +0000] "PATCH /api/v1/user/upload-profile-image-cloud HTTP/1.1" 200 772 "-" "PostmanRuntime/7.56.1"
::1 - - [09/Sep/2026:02:44:32 +0000] "PATCH /api/v1/user/upload-profile-image-cloud HTTP/1.1" 200 772 "-" "PostmanRuntime/7.56.1"
::1 - - [09/Sep/2026:02:44:46 +0000] "PATCH /api/v1/user/upload-profile-image-cloud HTTP/1.1" 200 772 "-" "PostmanRuntime/7.56.1"
::1 - - [09/Sep/2026:02:46:16 +0000] "PATCH /api/v1/user/upload-file HTTP/1.1" 200 534 "-" "PostmanRuntime/7.56.1"
::1 - - [09/Sep/2026:02:47:31 +0000] "PATCH /api/v1/user/upload-profile-image-cloud HTTP/1.1" 200 772 "-" "PostmanRuntime/7.56.1"
::1 - - [09/Sep/2026:02:48:57 +0000] "PATCH /api/v1/user/upload-profile-image-cloud HTTP/1.1" 200 772 "-" "PostmanRuntime/7.56.1"
::1 - - [09/Sep/2026:02:49:49 +0000] "PATCH /api/v1/user/upload-profile-image-cloud HTTP/1.1" 200 772 "-" "PostmanRuntime/7.56.1"
::1 - - [10/Sep/2026:16:01:47 +0000] "POST /api/v1/auth/login HTTP/1.1" 200 557 "-" "PostmanRuntime/7.56.1"
::1 - - [10/Sep/2026:16:01:50 +0000] "POST /api/v1/auth/login HTTP/1.1" 200 557 "-" "PostmanRuntime/7.56.1"
::1 - - [10/Sep/2026:16:01:52 +0000] "POST /api/v1/auth/login HTTP/1.1" 200 557 "-" "PostmanRuntime/7.56.1"
::1 - - [10/Sep/2026:16:04:08 +0000] "POST /api/v1/auth/login HTTP/1.1" 200 557 "-" "PostmanRuntime/7.56.1"
::1 - - [10/Sep/2026:16:04:10 +0000] "POST /api/v1/auth/login HTTP/1.1" 200 557 "-" "PostmanRuntime/7.56.1"
::1 - - [10/Sep/2026:16:04:12 +0000] "POST /api/v1/auth/login HTTP/1.1" 200 557 "-" "PostmanRuntime/7.56.1"
::1 - - [10/Sep/2026:16:07:58 +0000] "POST /api/v1/auth/login HTTP/1.1" 200 557 "-" "PostmanRuntime/7.56.1"
::1 - - [10/Sep/2026:16:08:03 +0000] "POST /api/v1/auth/login HTTP/1.1" 200 557 "-" "PostmanRuntime/7.56.1"
::1 - - [10/Sep/2026:16:08:05 +0000] "POST /api/v1/auth/login HTTP/1.1" 200 557 "-" "PostmanRuntime/7.56.1"
::1 - - [11/Sep/2026:08:15:47 +0000] "POST /api/v1/auth/login HTTP/1.1" 200 557 "-" "PostmanRuntime/7.56.1"
::1 - - [11/Sep/2026:08:50:45 +0000] "POST /api/v1/auth/login HTTP/1.1" 200 557 "-" "PostmanRuntime/7.56.1"
::1 - - [11/Sep/2026:08:51:47 +0000] "POST /api/v1/auth/logout HTTP/1.1" 404 1656 "-" "PostmanRuntime/7.56.1"
::1 - - [11/Sep/2026:08:52:01 +0000] "POST /api/v1/auth/logout-with-redis HTTP/1.1" 500 839 "-" "PostmanRuntime/7.56.1"
::1 - - [11/Sep/2026:08:54:49 +0000] "POST /api/v1/auth/logout-with-redis HTTP/1.1" 200 52 "-" "PostmanRuntime/7.56.1"
::1 - - [11/Sep/2026:08:55:15 +0000] "GET /api/v1/user/profile HTTP/1.1" 200 663 "-" "PostmanRuntime/7.56.1"
::1 - - [11/Sep/2026:08:56:26 +0000] "POST /api/v1/auth/logout-with-redis HTTP/1.1" 401 912 "-" "PostmanRuntime/7.56.1"
::1 - - [11/Sep/2026:08:56:38 +0000] "POST /api/v1/auth/login HTTP/1.1" 200 557 "-" "PostmanRuntime/7.56.1"
::1 - - [11/Sep/2026:08:56:58 +0000] "POST /api/v1/auth/logout-with-redis HTTP/1.1" 200 52 "-" "PostmanRuntime/7.56.1"
::1 - - [11/Sep/2026:08:57:58 +0000] "GET /api/v1/user/profile HTTP/1.1" 401 912 "-" "PostmanRuntime/7.56.1"
::1 - - [11/Sep/2026:08:59:03 +0000] "POST /api/v1/auth/logout-with-redis HTTP/1.1" 401 912 "-" "PostmanRuntime/7.56.1"
::1 - - [11/Sep/2026:08:59:10 +0000] "POST /api/v1/auth/login HTTP/1.1" 200 557 "-" "PostmanRuntime/7.56.1"
::1 - - [11/Sep/2026:08:59:34 +0000] "POST /api/v1/auth/logout-with-redis HTTP/1.1" 400 1175 "-" "PostmanRuntime/7.56.1"
::1 - - [11/Sep/2026:09:00:43 +0000] "POST /api/v1/auth/logout-with-redis HTTP/1.1" 200 52 "-" "PostmanRuntime/7.56.1"
::1 - - [11/Sep/2026:09:00:57 +0000] "GET /api/v1/user/profile HTTP/1.1" 401 938 "-" "PostmanRuntime/7.56.1"
::1 - - [11/Sep/2026:13:05:53 +0000] "POST /api/v1/message/send-message/6a356fe3bea38ea947959937 HTTP/1.1" 500 1543 "-" "PostmanRuntime/7.56.1"
::1 - - [11/Sep/2026:13:09:19 +0000] "POST /api/v1/message/send-message/6a356fe3bea38ea947959937 HTTP/1.1" 500 1543 "-" "PostmanRuntime/7.56.1"
::1 - - [11/Sep/2026:13:10:47 +0000] "POST /api/v1/message/send-message/6a356fe3bea38ea947959937 HTTP/1.1" 500 1543 "-" "PostmanRuntime/7.56.1"
::1 - - [11/Sep/2026:13:12:54 +0000] "POST /api/v1/message/send-message/6a82b68e9a69c284584e9a17 HTTP/1.1" 500 1543 "-" "PostmanRuntime/7.56.1"
::1 - - [11/Sep/2026:13:14:57 +0000] "POST /api/v1/message/send-message/6a82b68e9a69c284584e9a17 HTTP/1.1" 500 1543 "-" "PostmanRuntime/7.56.1"
::1 - - [11/Sep/2026:13:16:27 +0000] "POST /api/v1/message/send-message/6a82b68e9a69c284584e9a17 HTTP/1.1" 500 1543 "-" "PostmanRuntime/7.56.1"
::1 - - [11/Sep/2026:13:17:09 +0000] "POST /api/v1/message/send-message/6a82b68e9a69c284584e9a17 HTTP/1.1" 500 1543 "-" "PostmanRuntime/7.56.1"
::1 - - [11/Sep/2026:13:17:33 +0000] "POST /api/v1/message/send-message/6a82b68e9a69c284584e9a17 HTTP/1.1" 500 406 "-" "PostmanRuntime/7.56.1"
::1 - - [11/Sep/2026:13:19:07 +0000] "POST /api/v1/message/send-message/6a82b68e9a69c284584e9a17 HTTP/1.1" 500 1543 "-" "PostmanRuntime/7.56.1"
::1 - - [11/Sep/2026:13:20:05 +0000] "POST /api/v1/message/send-message/6a82b68e9a69c284584e9a17 HTTP/1.1" 500 1543 "-" "PostmanRuntime/7.56.1"
::1 - - [11/Sep/2026:13:20:57 +0000] "POST /api/v1/message/send-message/6a82b68e9a69c284584e9a17 HTTP/1.1" 500 366 "-" "PostmanRuntime/7.56.1"
::1 - - [11/Sep/2026:13:21:21 +0000] "POST /api/v1/message/send-message/6a82b68e9a69c284584e9a17 HTTP/1.1" 201 300 "-" "PostmanRuntime/7.56.1"
::1 - - [11/Sep/2026:13:24:06 +0000] "POST /api/v1/message/send-message/6a82b68e9a69c284584e9a17 HTTP/1.1" 500 366 "-" "PostmanRuntime/7.56.1"
::1 - - [11/Sep/2026:13:24:57 +0000] "POST /api/v1/message/send-message/6a82b68e9a69c284584e9a17 HTTP/1.1" 201 301 "-" "PostmanRuntime/7.56.1"
::1 - - [11/Sep/2026:13:35:21 +0000] "POST /api/v1/message/send-message/6a82b68e9a69c284584e9a17 HTTP/1.1" 500 1543 "-" "PostmanRuntime/7.56.1"
::1 - - [11/Sep/2026:13:36:08 +0000] "POST /api/v1/message/send-message/6a82b68e9a69c284584e9a17 HTTP/1.1" 500 1555 "-" "PostmanRuntime/7.56.1"
::1 - - [11/Sep/2026:13:37:21 +0000] "POST /api/v1/message/send-message/6a82b68e9a69c284584e9a17 HTTP/1.1" 201 397 "-" "PostmanRuntime/7.56.1"
::1 - - [11/Sep/2026:15:38:14 +0000] "POST /api/v1/auth/login HTTP/1.1" 409 618 "-" "PostmanRuntime/7.56.1"
::1 - - [11/Sep/2026:15:38:27 +0000] "POST /api/v1/auth/login HTTP/1.1" 409 618 "-" "PostmanRuntime/7.56.1"
::1 - - [11/Sep/2026:15:38:38 +0000] "POST /api/v1/auth/login HTTP/1.1" 409 618 "-" "PostmanRuntime/7.56.1"
::1 - - [11/Sep/2026:15:39:12 +0000] "POST /api/v1/auth/login HTTP/1.1" 409 618 "-" "PostmanRuntime/7.56.1"
::1 - - [11/Sep/2026:15:42:46 +0000] "POST /api/v1/auth/login HTTP/1.1" 200 557 "-" "PostmanRuntime/7.56.1"
::1 - - [11/Sep/2026:15:43:16 +0000] "GET /api/v1/message/ HTTP/1.1" 200 123 "-" "PostmanRuntime/7.56.1"
::1 - - [11/Sep/2026:15:44:39 +0000] "POST /api/v1/message/send-message/6aa0be91aa527b63b8956932 HTTP/1.1" 201 397 "-" "PostmanRuntime/7.56.1"
::1 - - [11/Sep/2026:15:44:40 +0000] "POST /api/v1/message/send-message/6aa0be91aa527b63b8956932 HTTP/1.1" 201 397 "-" "PostmanRuntime/7.56.1"
::1 - - [11/Sep/2026:15:44:42 +0000] "POST /api/v1/message/send-message/6aa0be91aa527b63b8956932 HTTP/1.1" 201 397 "-" "PostmanRuntime/7.56.1"
::1 - - [11/Sep/2026:15:44:46 +0000] "POST /api/v1/message/send-message/6aa0be91aa527b63b8956932 HTTP/1.1" 201 397 "-" "PostmanRuntime/7.56.1"
::1 - - [11/Sep/2026:15:44:48 +0000] "POST /api/v1/message/send-message/6aa0be91aa527b63b8956932 HTTP/1.1" 201 397 "-" "PostmanRuntime/7.56.1"
::1 - - [11/Sep/2026:15:44:58 +0000] "POST /api/v1/message/send-message/6aa0be91aa527b63b8956932 HTTP/1.1" 201 397 "-" "PostmanRuntime/7.56.1"
::1 - - [11/Sep/2026:15:44:59 +0000] "POST /api/v1/message/send-message/6aa0be91aa527b63b8956932 HTTP/1.1" 201 397 "-" "PostmanRuntime/7.56.1"
::1 - - [11/Sep/2026:15:45:01 +0000] "POST /api/v1/message/send-message/6aa0be91aa527b63b8956932 HTTP/1.1" 201 397 "-" "PostmanRuntime/7.56.1"
::1 - - [11/Sep/2026:15:45:03 +0000] "POST /api/v1/message/send-message/6aa0be91aa527b63b8956932 HTTP/1.1" 201 397 "-" "PostmanRuntime/7.56.1"
::1 - - [11/Sep/2026:15:45:05 +0000] "POST /api/v1/message/send-message/6aa0be91aa527b63b8956932 HTTP/1.1" 201 397 "-" "PostmanRuntime/7.56.1"
::1 - - [11/Sep/2026:15:45:15 +0000] "GET /api/v1/message/ HTTP/1.1" 200 123 "-" "PostmanRuntime/7.56.1"
::1 - - [11/Sep/2026:15:45:30 +0000] "GET /api/v1/message/ HTTP/1.1" 200 123 "-" "PostmanRuntime/7.56.1"
::1 - - [11/Sep/2026:15:46:19 +0000] "GET /api/v1/message/?page=1 HTTP/1.1" 200 123 "-" "PostmanRuntime/7.56.1"
::1 - - [11/Sep/2026:15:46:29 +0000] "GET /api/v1/message/?page=2 HTTP/1.1" 200 123 "-" "PostmanRuntime/7.56.1"
::1 - - [11/Sep/2026:15:47:00 +0000] "POST /api/v1/auth/login HTTP/1.1" 200 557 "-" "PostmanRuntime/7.56.1"
::1 - - [11/Sep/2026:15:47:27 +0000] "GET /api/v1/message/?page=2 HTTP/1.1" 200 123 "-" "PostmanRuntime/7.56.1"
::1 - - [11/Sep/2026:15:52:19 +0000] "GET /api/v1/message/?page=2 HTTP/1.1" 200 123 "-" "PostmanRuntime/7.56.1"
::1 - - [11/Sep/2026:16:05:01 +0000] "GET /api/v1/message/?page=2 HTTP/1.1" 200 123 "-" "PostmanRuntime/7.56.1"
::1 - - [11/Sep/2026:16:06:00 +0000] "GET /api/v1/message/?page=2 HTTP/1.1" 200 123 "-" "PostmanRuntime/7.56.1"
::1 - - [11/Sep/2026:16:06:46 +0000] "GET /api/v1/message/?page=2 HTTP/1.1" 200 123 "-" "PostmanRuntime/7.56.1"
::1 - - [11/Sep/2026:16:07:17 +0000] "GET /api/v1/message/?page=2 HTTP/1.1" 200 123 "-" "PostmanRuntime/7.56.1"
::1 - - [11/Sep/2026:16:07:42 +0000] "GET /api/v1/message/?page=2 HTTP/1.1" 200 123 "-" "PostmanRuntime/7.56.1"
::1 - - [11/Sep/2026:16:08:01 +0000] "GET /api/v1/message/?page=2 HTTP/1.1" 200 124 "-" "PostmanRuntime/7.56.1"
::1 - - [11/Sep/2026:16:08:17 +0000] "GET /api/v1/message/?page=2 HTTP/1.1" 200 124 "-" "PostmanRuntime/7.56.1"
::1 - - [11/Sep/2026:16:10:33 +0000] "GET /api/v1/message/?page=2&limit=4 HTTP/1.1" 200 124 "-" "PostmanRuntime/7.56.1"
::1 - - [11/Sep/2026:16:11:20 +0000] "GET /api/v1/message/?page=2&limit=3 HTTP/1.1" 200 124 "-" "PostmanRuntime/7.56.1"
::1 - - [11/Sep/2026:16:12:42 +0000] "GET /api/v1/message/?page=2&limit=3 HTTP/1.1" 200 1132 "-" "PostmanRuntime/7.56.1"
::1 - - [11/Sep/2026:16:45:40 +0000] "POST /api/v1/auth/login HTTP/1.1" 200 557 "-" "PostmanRuntime/7.56.1"
::1 - - [11/Sep/2026:16:46:49 +0000] "PATCH /api/v1/message/toggle-is-read/6aa42201cf857a2c99d82739 HTTP/1.1" 200 409 "-" "PostmanRuntime/7.56.1"
::1 - - [11/Sep/2026:16:46:58 +0000] "PATCH /api/v1/message/toggle-is-read/6aa42201cf857a2c99d82739 HTTP/1.1" 200 410 "-" "PostmanRuntime/7.56.1"
::1 - - [11/Sep/2026:16:47:24 +0000] "PATCH /api/v1/message/toggle-is-read/6aa42201cf857a2c99d82739 HTTP/1.1" 200 409 "-" "PostmanRuntime/7.56.1"
::1 - - [11/Sep/2026:16:47:26 +0000] "PATCH /api/v1/message/toggle-is-read/6aa42201cf857a2c99d82739 HTTP/1.1" 200 410 "-" "PostmanRuntime/7.56.1"
::1 - - [11/Sep/2026:16:47:59 +0000] "PATCH /api/v1/message/toggle-is-read/6aa42201cf857a2c99d82739 HTTP/1.1" 200 409 "-" "PostmanRuntime/7.56.1"
::1 - - [11/Sep/2026:16:48:02 +0000] "PATCH /api/v1/message/toggle-is-read/6aa42201cf857a2c99d82739 HTTP/1.1" 200 412 "-" "PostmanRuntime/7.56.1"
::1 - - [11/Sep/2026:16:48:05 +0000] "PATCH /api/v1/message/toggle-is-read/6aa42201cf857a2c99d82739 HTTP/1.1" 200 409 "-" "PostmanRuntime/7.56.1"
